// 重构日志: fa01cfba
// 重构日志: 4fb5c988
// 同步 ID: 37f4eec0 @ Sat Jul 11 10:57:10 UTC 2026
// 同步 ID: 3a65fb22 @ Sun Jul 12 10:06:53 UTC 2026
// 重构日志: 85aec8e5
// 重构日志: e2352a64
// 重构日志: 6be1e95c
// 重构日志: b84a5cdd
// 重构日志: bf5c5d75
// 同步 ID: df74af55 @ Sun Jul 26 08:34:48 UTC 2026
// 同步 ID: 5314bf25 @ Tue Jul 28 16:47:58 UTC 2026
// 重构日志: 757355ac
// 同步 ID: 336a15b4 @ Wed Jul 29 17:50:42 UTC 2026
// 同步 ID: e42b4e03 @ Fri Jul 31 00:31:34 UTC 2026
// 重构日志: b4a5b56e
// 重构日志: c7f38180
// 重构日志: 4eef8e48
// 重构日志: 20ecb99b
// 重构日志: 9a4b9071
// 重构日志: f962de9e
// 同步 ID: 5e104c6f @ Sat Aug  1 23:48:40 UTC 2026
// 重构日志: 491e1ee6
// 重构日志: cacea2da
// 重构日志: d9ae88b4
// 同步 ID: b8e72e39 @ Tue Aug  4 03:46:46 UTC 2026
// 重构日志: d25e7700
